// Jest Snapshot v1, https://goo.gl/fbAQLP

exports[`<Login /> snapshot test 1`] = `ShallowWrapper {}`;
