// Jest Snapshot v1, https://goo.gl/fbAQLP

exports[`<RegistrationForm /> snapshot test 1`] = `ShallowWrapper {}`;
